// Jest Snapshot v1, https://goo.gl/fbAQLP

exports[`MinesBetResults should match snapshot 1`] = `
Object {
  "asFragment": [Function],
  "baseElement": <body>
    <div>
      <div
        class="container"
      >
        <div
          class="field field--opened field--win"
        >
          <span
            class="field__index"
          >
            0
          </span>
          <img
            alt="Cash"
            src="mines-bitcoin.svg"
          />
        </div>
        <div
          class="field  field--win"
        >
          <span
            class="field__index"
          >
            1
          </span>
          <img
            alt="Cash"
            src="mines-bitcoin.svg"
          />
        </div>
        <div
          class="field  field--win"
        >
          <span
            class="field__index"
          >
            2
          </span>
          <img
            alt="Cash"
            src="mines-bitcoin.svg"
          />
        </div>
        <div
          class="field  field--win"
        >
          <span
            class="field__index"
          >
            3
          </span>
          <img
            alt="Cash"
            src="mines-bitcoin.svg"
          />
        </div>
        <div
          class="field  field--loss"
        >
          <span
            class="field__index"
          >
            4
          </span>
          <img
            alt="Mine"
            src="mines-boom.svg"
          />
        </div>
        <div
          class="field field--opened field--win"
        >
          <span
            class="field__index"
          >
            5
          </span>
          <img
            alt="Cash"
            src="mines-bitcoin.svg"
          />
        </div>
        <div
          class="field  field--win"
        >
          <span
            class="field__index"
          >
            6
          </span>
          <img
            alt="Cash"
            src="mines-bitcoin.svg"
          />
        </div>
        <div
          class="field  field--win"
        >
          <span
            class="field__index"
          >
            7
          </span>
          <img
            alt="Cash"
            src="mines-bitcoin.svg"
          />
        </div>
        <div
          class="field  field--win"
        >
          <span
            class="field__index"
          >
            8
          </span>
          <img
            alt="Cash"
            src="mines-bitcoin.svg"
          />
        </div>
        <div
          class="field  field--win"
        >
          <span
            class="field__index"
          >
            9
          </span>
          <img
            alt="Cash"
            src="mines-bitcoin.svg"
          />
        </div>
        <div
          class="field field--opened field--loss"
        >
          <span
            class="field__index"
          >
            10
          </span>
          <img
            alt="Mine"
            src="mines-boom.svg"
          />
        </div>
        <div
          class="field  field--win"
        >
          <span
            class="field__index"
          >
            11
          </span>
          <img
            alt="Cash"
            src="mines-bitcoin.svg"
          />
        </div>
        <div
          class="field  field--win"
        >
          <span
            class="field__index"
          >
            12
          </span>
          <img
            alt="Cash"
            src="mines-bitcoin.svg"
          />
        </div>
        <div
          class="field  field--win"
        >
          <span
            class="field__index"
          >
            13
          </span>
          <img
            alt="Cash"
            src="mines-bitcoin.svg"
          />
        </div>
        <div
          class="field  field--win"
        >
          <span
            class="field__index"
          >
            14
          </span>
          <img
            alt="Cash"
            src="mines-bitcoin.svg"
          />
        </div>
        <div
          class="field field--opened field--win"
        >
          <span
            class="field__index"
          >
            15
          </span>
          <img
            alt="Cash"
            src="mines-bitcoin.svg"
          />
        </div>
        <div
          class="field  field--win"
        >
          <span
            class="field__index"
          >
            16
          </span>
          <img
            alt="Cash"
            src="mines-bitcoin.svg"
          />
        </div>
        <div
          class="field  field--win"
        >
          <span
            class="field__index"
          >
            17
          </span>
          <img
            alt="Cash"
            src="mines-bitcoin.svg"
          />
        </div>
        <div
          class="field  field--win"
        >
          <span
            class="field__index"
          >
            18
          </span>
          <img
            alt="Cash"
            src="mines-bitcoin.svg"
          />
        </div>
        <div
          class="field  field--win"
        >
          <span
            class="field__index"
          >
            19
          </span>
          <img
            alt="Cash"
            src="mines-bitcoin.svg"
          />
        </div>
        <div
          class="field  field--win"
        >
          <span
            class="field__index"
          >
            20
          </span>
          <img
            alt="Cash"
            src="mines-bitcoin.svg"
          />
        </div>
        <div
          class="field  field--win"
        >
          <span
            class="field__index"
          >
            21
          </span>
          <img
            alt="Cash"
            src="mines-bitcoin.svg"
          />
        </div>
        <div
          class="field  field--loss"
        >
          <span
            class="field__index"
          >
            22
          </span>
          <img
            alt="Mine"
            src="mines-boom.svg"
          />
        </div>
        <div
          class="field  field--win"
        >
          <span
            class="field__index"
          >
            23
          </span>
          <img
            alt="Cash"
            src="mines-bitcoin.svg"
          />
        </div>
      </div>
    </div>
  </body>,
  "container": <div>
    <div
      class="container"
    >
      <div
        class="field field--opened field--win"
      >
        <span
          class="field__index"
        >
          0
        </span>
        <img
          alt="Cash"
          src="mines-bitcoin.svg"
        />
      </div>
      <div
        class="field  field--win"
      >
        <span
          class="field__index"
        >
          1
        </span>
        <img
          alt="Cash"
          src="mines-bitcoin.svg"
        />
      </div>
      <div
        class="field  field--win"
      >
        <span
          class="field__index"
        >
          2
        </span>
        <img
          alt="Cash"
          src="mines-bitcoin.svg"
        />
      </div>
      <div
        class="field  field--win"
      >
        <span
          class="field__index"
        >
          3
        </span>
        <img
          alt="Cash"
          src="mines-bitcoin.svg"
        />
      </div>
      <div
        class="field  field--loss"
      >
        <span
          class="field__index"
        >
          4
        </span>
        <img
          alt="Mine"
          src="mines-boom.svg"
        />
      </div>
      <div
        class="field field--opened field--win"
      >
        <span
          class="field__index"
        >
          5
        </span>
        <img
          alt="Cash"
          src="mines-bitcoin.svg"
        />
      </div>
      <div
        class="field  field--win"
      >
        <span
          class="field__index"
        >
          6
        </span>
        <img
          alt="Cash"
          src="mines-bitcoin.svg"
        />
      </div>
      <div
        class="field  field--win"
      >
        <span
          class="field__index"
        >
          7
        </span>
        <img
          alt="Cash"
          src="mines-bitcoin.svg"
        />
      </div>
      <div
        class="field  field--win"
      >
        <span
          class="field__index"
        >
          8
        </span>
        <img
          alt="Cash"
          src="mines-bitcoin.svg"
        />
      </div>
      <div
        class="field  field--win"
      >
        <span
          class="field__index"
        >
          9
        </span>
        <img
          alt="Cash"
          src="mines-bitcoin.svg"
        />
      </div>
      <div
        class="field field--opened field--loss"
      >
        <span
          class="field__index"
        >
          10
        </span>
        <img
          alt="Mine"
          src="mines-boom.svg"
        />
      </div>
      <div
        class="field  field--win"
      >
        <span
          class="field__index"
        >
          11
        </span>
        <img
          alt="Cash"
          src="mines-bitcoin.svg"
        />
      </div>
      <div
        class="field  field--win"
      >
        <span
          class="field__index"
        >
          12
        </span>
        <img
          alt="Cash"
          src="mines-bitcoin.svg"
        />
      </div>
      <div
        class="field  field--win"
      >
        <span
          class="field__index"
        >
          13
        </span>
        <img
          alt="Cash"
          src="mines-bitcoin.svg"
        />
      </div>
      <div
        class="field  field--win"
      >
        <span
          class="field__index"
        >
          14
        </span>
        <img
          alt="Cash"
          src="mines-bitcoin.svg"
        />
      </div>
      <div
        class="field field--opened field--win"
      >
        <span
          class="field__index"
        >
          15
        </span>
        <img
          alt="Cash"
          src="mines-bitcoin.svg"
        />
      </div>
      <div
        class="field  field--win"
      >
        <span
          class="field__index"
        >
          16
        </span>
        <img
          alt="Cash"
          src="mines-bitcoin.svg"
        />
      </div>
      <div
        class="field  field--win"
      >
        <span
          class="field__index"
        >
          17
        </span>
        <img
          alt="Cash"
          src="mines-bitcoin.svg"
        />
      </div>
      <div
        class="field  field--win"
      >
        <span
          class="field__index"
        >
          18
        </span>
        <img
          alt="Cash"
          src="mines-bitcoin.svg"
        />
      </div>
      <div
        class="field  field--win"
      >
        <span
          class="field__index"
        >
          19
        </span>
        <img
          alt="Cash"
          src="mines-bitcoin.svg"
        />
      </div>
      <div
        class="field  field--win"
      >
        <span
          class="field__index"
        >
          20
        </span>
        <img
          alt="Cash"
          src="mines-bitcoin.svg"
        />
      </div>
      <div
        class="field  field--win"
      >
        <span
          class="field__index"
        >
          21
        </span>
        <img
          alt="Cash"
          src="mines-bitcoin.svg"
        />
      </div>
      <div
        class="field  field--loss"
      >
        <span
          class="field__index"
        >
          22
        </span>
        <img
          alt="Mine"
          src="mines-boom.svg"
        />
      </div>
      <div
        class="field  field--win"
      >
        <span
          class="field__index"
        >
          23
        </span>
        <img
          alt="Cash"
          src="mines-bitcoin.svg"
        />
      </div>
    </div>
  </div>,
  "debug": [Function],
  "findAllByAltText": [Function],
  "findAllByDisplayValue": [Function],
  "findAllByLabelText": [Function],
  "findAllByPlaceholderText": [Function],
  "findAllByRole": [Function],
  "findAllByTestId": [Function],
  "findAllByText": [Function],
  "findAllByTitle": [Function],
  "findByAltText": [Function],
  "findByDisplayValue": [Function],
  "findByLabelText": [Function],
  "findByPlaceholderText": [Function],
  "findByRole": [Function],
  "findByTestId": [Function],
  "findByText": [Function],
  "findByTitle": [Function],
  "getAllByAltText": [Function],
  "getAllByDisplayValue": [Function],
  "getAllByLabelText": [Function],
  "getAllByPlaceholderText": [Function],
  "getAllByRole": [Function],
  "getAllByTestId": [Function],
  "getAllByText": [Function],
  "getAllByTitle": [Function],
  "getByAltText": [Function],
  "getByDisplayValue": [Function],
  "getByLabelText": [Function],
  "getByPlaceholderText": [Function],
  "getByRole": [Function],
  "getByTestId": [Function],
  "getByText": [Function],
  "getByTitle": [Function],
  "queryAllByAltText": [Function],
  "queryAllByDisplayValue": [Function],
  "queryAllByLabelText": [Function],
  "queryAllByPlaceholderText": [Function],
  "queryAllByRole": [Function],
  "queryAllByTestId": [Function],
  "queryAllByText": [Function],
  "queryAllByTitle": [Function],
  "queryByAltText": [Function],
  "queryByDisplayValue": [Function],
  "queryByLabelText": [Function],
  "queryByPlaceholderText": [Function],
  "queryByRole": [Function],
  "queryByTestId": [Function],
  "queryByText": [Function],
  "queryByTitle": [Function],
  "rerender": [Function],
  "unmount": [Function],
}
`;
