// Jest Snapshot v1, https://goo.gl/fbAQLP

exports[`ExternalLink should match snapshot 1`] = `
Object {
  "asFragment": [Function],
  "baseElement": <body>
    <div>
      <a
        class="link truncate"
        href="https://test.de"
        rel="noopener noreferrer"
        target="_blank"
      >
        <span
          class="truncate"
        />
        <svg
          class="icon"
          viewBox="0 0 12 12"
          xmlns="http://www.w3.org/2000/svg"
        >
          <g
            data-name="Layer 2"
          >
            <g
              data-name="Layer 1"
            >
              <path
                class="fill"
                d="M0 0v12h12V9h-1.5v1.5h-9v-9H3V0zm6 0l2.25 2.25L4.5 6 6 7.5l3.75-3.75L12 6V0z"
                data-name="Icon open-external-link"
              />
            </g>
          </g>
        </svg>
      </a>
    </div>
  </body>,
  "container": <div>
    <a
      class="link truncate"
      href="https://test.de"
      rel="noopener noreferrer"
      target="_blank"
    >
      <span
        class="truncate"
      />
      <svg
        class="icon"
        viewBox="0 0 12 12"
        xmlns="http://www.w3.org/2000/svg"
      >
        <g
          data-name="Layer 2"
        >
          <g
            data-name="Layer 1"
          >
            <path
              class="fill"
              d="M0 0v12h12V9h-1.5v1.5h-9v-9H3V0zm6 0l2.25 2.25L4.5 6 6 7.5l3.75-3.75L12 6V0z"
              data-name="Icon open-external-link"
            />
          </g>
        </g>
      </svg>
    </a>
  </div>,
  "debug": [Function],
  "findAllByAltText": [Function],
  "findAllByDisplayValue": [Function],
  "findAllByLabelText": [Function],
  "findAllByPlaceholderText": [Function],
  "findAllByRole": [Function],
  "findAllByTestId": [Function],
  "findAllByText": [Function],
  "findAllByTitle": [Function],
  "findByAltText": [Function],
  "findByDisplayValue": [Function],
  "findByLabelText": [Function],
  "findByPlaceholderText": [Function],
  "findByRole": [Function],
  "findByTestId": [Function],
  "findByText": [Function],
  "findByTitle": [Function],
  "getAllByAltText": [Function],
  "getAllByDisplayValue": [Function],
  "getAllByLabelText": [Function],
  "getAllByPlaceholderText": [Function],
  "getAllByRole": [Function],
  "getAllByTestId": [Function],
  "getAllByText": [Function],
  "getAllByTitle": [Function],
  "getByAltText": [Function],
  "getByDisplayValue": [Function],
  "getByLabelText": [Function],
  "getByPlaceholderText": [Function],
  "getByRole": [Function],
  "getByTestId": [Function],
  "getByText": [Function],
  "getByTitle": [Function],
  "queryAllByAltText": [Function],
  "queryAllByDisplayValue": [Function],
  "queryAllByLabelText": [Function],
  "queryAllByPlaceholderText": [Function],
  "queryAllByRole": [Function],
  "queryAllByTestId": [Function],
  "queryAllByText": [Function],
  "queryAllByTitle": [Function],
  "queryByAltText": [Function],
  "queryByDisplayValue": [Function],
  "queryByLabelText": [Function],
  "queryByPlaceholderText": [Function],
  "queryByRole": [Function],
  "queryByTestId": [Function],
  "queryByText": [Function],
  "queryByTitle": [Function],
  "rerender": [Function],
  "unmount": [Function],
}
`;
