// Jest Snapshot v1, https://goo.gl/fbAQLP

exports[`GoalsBetResults should match snapshot 1`] = `
Object {
  "asFragment": [Function],
  "baseElement": <body>
    <div>
      <div
        class="container"
      >
        <ul
          class="list"
        >
          <li
            class="list__item list__item--highlight"
          >
            <div
              class="step"
            >
              1
            </div>
            <div
              class="goals"
            >
              <div
                class="goal"
              >
                <div
                  class="goal__index"
                >
                  0
                </div>
                <div
                  class="goal__ball goal__ball--win
                    goal__ball--selected"
                >
                  <img
                    alt="Goal"
                    class="goal__ball__icon"
                    src="game-goals-icon.svg"
                  />
                </div>
              </div>
              <div
                class="goal"
              >
                <div
                  class="goal__index"
                >
                  1
                </div>
                <div
                  class="goal__ball 
                    "
                >
                  <img
                    alt="Goal"
                    class="goal__ball__icon"
                    src="game-goals-icon.svg"
                  />
                </div>
              </div>
              <div
                class="goal"
              >
                <div
                  class="goal__index"
                >
                  2
                </div>
                <div
                  class="goal__ball goal__ball--win
                    "
                >
                  <img
                    alt="Goal"
                    class="goal__ball__icon"
                    src="game-goals-icon.svg"
                  />
                </div>
              </div>
            </div>
          </li>
        </ul>
      </div>
    </div>
  </body>,
  "container": <div>
    <div
      class="container"
    >
      <ul
        class="list"
      >
        <li
          class="list__item list__item--highlight"
        >
          <div
            class="step"
          >
            1
          </div>
          <div
            class="goals"
          >
            <div
              class="goal"
            >
              <div
                class="goal__index"
              >
                0
              </div>
              <div
                class="goal__ball goal__ball--win
                    goal__ball--selected"
              >
                <img
                  alt="Goal"
                  class="goal__ball__icon"
                  src="game-goals-icon.svg"
                />
              </div>
            </div>
            <div
              class="goal"
            >
              <div
                class="goal__index"
              >
                1
              </div>
              <div
                class="goal__ball 
                    "
              >
                <img
                  alt="Goal"
                  class="goal__ball__icon"
                  src="game-goals-icon.svg"
                />
              </div>
            </div>
            <div
              class="goal"
            >
              <div
                class="goal__index"
              >
                2
              </div>
              <div
                class="goal__ball goal__ball--win
                    "
              >
                <img
                  alt="Goal"
                  class="goal__ball__icon"
                  src="game-goals-icon.svg"
                />
              </div>
            </div>
          </div>
        </li>
      </ul>
    </div>
  </div>,
  "debug": [Function],
  "findAllByAltText": [Function],
  "findAllByDisplayValue": [Function],
  "findAllByLabelText": [Function],
  "findAllByPlaceholderText": [Function],
  "findAllByRole": [Function],
  "findAllByTestId": [Function],
  "findAllByText": [Function],
  "findAllByTitle": [Function],
  "findByAltText": [Function],
  "findByDisplayValue": [Function],
  "findByLabelText": [Function],
  "findByPlaceholderText": [Function],
  "findByRole": [Function],
  "findByTestId": [Function],
  "findByText": [Function],
  "findByTitle": [Function],
  "getAllByAltText": [Function],
  "getAllByDisplayValue": [Function],
  "getAllByLabelText": [Function],
  "getAllByPlaceholderText": [Function],
  "getAllByRole": [Function],
  "getAllByTestId": [Function],
  "getAllByText": [Function],
  "getAllByTitle": [Function],
  "getByAltText": [Function],
  "getByDisplayValue": [Function],
  "getByLabelText": [Function],
  "getByPlaceholderText": [Function],
  "getByRole": [Function],
  "getByTestId": [Function],
  "getByText": [Function],
  "getByTitle": [Function],
  "queryAllByAltText": [Function],
  "queryAllByDisplayValue": [Function],
  "queryAllByLabelText": [Function],
  "queryAllByPlaceholderText": [Function],
  "queryAllByRole": [Function],
  "queryAllByTestId": [Function],
  "queryAllByText": [Function],
  "queryAllByTitle": [Function],
  "queryByAltText": [Function],
  "queryByDisplayValue": [Function],
  "queryByLabelText": [Function],
  "queryByPlaceholderText": [Function],
  "queryByRole": [Function],
  "queryByTestId": [Function],
  "queryByText": [Function],
  "queryByTitle": [Function],
  "rerender": [Function],
  "unmount": [Function],
}
`;
