// Jest Snapshot v1, https://goo.gl/fbAQLP

exports[`<Spinner /> renders correctly 1`] = `
<div>
  <span
    class="spinner spinner--white "
  />
</div>
`;
