// Jest Snapshot v1, https://goo.gl/fbAQLP

exports[`TransactionsTable should match snapshot 1`] = `
Object {
  "asFragment": [Function],
  "baseElement": <body>
    <div>
      <div
        class="sc-hHEjAm iECIgJ"
      >
        <div
          class="sc-kfYqjs ezVbOX"
        >
          <div
            class="sc-bdnylx ejLVfJ rdt_Table"
            role="table"
          >
            <div
              class="sc-gtssRu gfcMwa rdt_TableHead"
              role="rowgroup"
            >
              <div
                class="sc-dlnjPT jcwclA rdt_TableHeadRow"
                role="row"
              >
                <div
                  class="sc-hKFyIo sc-eCApGN sc-iqAbSa jPjSnc gcXkZv dwHiXA rdt_TableCol"
                >
                  <div
                    class="sc-crzoUp bwfVCA rdt_TableCol_Sortable"
                    id="column-undefined"
                    role="columnheader"
                    tabindex="0"
                  >
                    <div>
                      test
                    </div>
                  </div>
                </div>
              </div>
            </div>
            <div
              class="sc-dIvqjp exodlN rdt_TableBody"
              offset="250px"
              role="rowgroup"
            >
              <div
                class="sc-jrsJCI HwxQx rdt_TableRow"
                id="row-0"
                role="row"
              >
                <div
                  class="sc-hKFyIo sc-eCApGN sc-jSFkmK dgFFWe gcXkZv cBZXUy rdt_TableCell"
                  data-tag="___react-data-table-allow-propagation___"
                  id="cell-QzpXd8z6r-undefined"
                  role="gridcell"
                >
                  <div
                    data-tag="___react-data-table-allow-propagation___"
                  />
                </div>
              </div>
            </div>
          </div>
        </div>
      </div>
      <div>
        <nav
          class="sc-lmgQde iKPurz rdt_Pagination"
        >
          <span
            class="sc-ezzayL sc-kLokih fGwysm gckGBs"
          >
            Rows per page:
          </span>
          <div
            class="sc-cxNIbT cGxHBE"
          >
            <select
              aria-label="Rows per page:"
              class="sc-iwaifL jzCzGz"
            >
              <option
                selected=""
                value="10"
              >
                10
              </option>
              <option
                value="15"
              >
                15
              </option>
              <option
                value="20"
              >
                20
              </option>
              <option
                value="25"
              >
                25
              </option>
              <option
                value="30"
              >
                30
              </option>
            </select>
            <svg
              height="24"
              viewBox="0 0 24 24"
              width="24"
              xmlns="http://www.w3.org/2000/svg"
            >
              <path
                d="M7 10l5 5 5-5z"
              />
              <path
                d="M0 0h24v24H0z"
                fill="none"
              />
            </svg>
          </div>
          <span
            class="sc-ezzayL sc-bYwzba fGwysm iGZUwt"
          >
            1-10 of 1000
          </span>
          <div
            class="sc-giAqnE bCPDDy"
          >
            <button
              aria-disabled="true"
              aria-label="First Page"
              class="sc-iJCRLp ljtHPi"
              disabled=""
              id="pagination-first-page"
              type="button"
            >
              <svg
                aria-hidden="true"
                height="24"
                role="presentation"
                viewBox="0 0 24 24"
                width="24"
                xmlns="http://www.w3.org/2000/svg"
              >
                <path
                  d="M18.41 16.59L13.82 12l4.59-4.59L17 6l-6 6 6 6zM6 6h2v12H6z"
                />
                <path
                  d="M24 24H0V0h24v24z"
                  fill="none"
                />
              </svg>
            </button>
            <button
              aria-disabled="true"
              aria-label="Previous Page"
              class="sc-iJCRLp ljtHPi"
              disabled=""
              id="pagination-previous-page"
              type="button"
            >
              <svg
                aria-hidden="true"
                height="24"
                role="presentation"
                viewBox="0 0 24 24"
                width="24"
                xmlns="http://www.w3.org/2000/svg"
              >
                <path
                  d="M15.41 7.41L14 6l-6 6 6 6 1.41-1.41L10.83 12z"
                />
                <path
                  d="M0 0h24v24H0z"
                  fill="none"
                />
              </svg>
            </button>
            <button
              aria-disabled="false"
              aria-label="Next Page"
              class="sc-iJCRLp ljtHPi"
              id="pagination-next-page"
              type="button"
            >
              <svg
                aria-hidden="true"
                height="24"
                role="presentation"
                viewBox="0 0 24 24"
                width="24"
                xmlns="http://www.w3.org/2000/svg"
              >
                <path
                  d="M10 6L8.59 7.41 13.17 12l-4.58 4.59L10 18l6-6z"
                />
                <path
                  d="M0 0h24v24H0z"
                  fill="none"
                />
              </svg>
            </button>
            <button
              aria-disabled="false"
              aria-label="Last Page"
              class="sc-iJCRLp ljtHPi"
              id="pagination-last-page"
              type="button"
            >
              <svg
                aria-hidden="true"
                height="24"
                role="presentation"
                viewBox="0 0 24 24"
                width="24"
                xmlns="http://www.w3.org/2000/svg"
              >
                <path
                  d="M5.59 7.41L10.18 12l-4.59 4.59L7 18l6-6-6-6zM16 6h2v12h-2z"
                />
                <path
                  d="M0 0h24v24H0V0z"
                  fill="none"
                />
              </svg>
            </button>
          </div>
        </nav>
      </div>
    </div>
  </body>,
  "container": <div>
    <div
      class="sc-hHEjAm iECIgJ"
    >
      <div
        class="sc-kfYqjs ezVbOX"
      >
        <div
          class="sc-bdnylx ejLVfJ rdt_Table"
          role="table"
        >
          <div
            class="sc-gtssRu gfcMwa rdt_TableHead"
            role="rowgroup"
          >
            <div
              class="sc-dlnjPT jcwclA rdt_TableHeadRow"
              role="row"
            >
              <div
                class="sc-hKFyIo sc-eCApGN sc-iqAbSa jPjSnc gcXkZv dwHiXA rdt_TableCol"
              >
                <div
                  class="sc-crzoUp bwfVCA rdt_TableCol_Sortable"
                  id="column-undefined"
                  role="columnheader"
                  tabindex="0"
                >
                  <div>
                    test
                  </div>
                </div>
              </div>
            </div>
          </div>
          <div
            class="sc-dIvqjp exodlN rdt_TableBody"
            offset="250px"
            role="rowgroup"
          >
            <div
              class="sc-jrsJCI HwxQx rdt_TableRow"
              id="row-0"
              role="row"
            >
              <div
                class="sc-hKFyIo sc-eCApGN sc-jSFkmK dgFFWe gcXkZv cBZXUy rdt_TableCell"
                data-tag="___react-data-table-allow-propagation___"
                id="cell-QzpXd8z6r-undefined"
                role="gridcell"
              >
                <div
                  data-tag="___react-data-table-allow-propagation___"
                />
              </div>
            </div>
          </div>
        </div>
      </div>
    </div>
    <div>
      <nav
        class="sc-lmgQde iKPurz rdt_Pagination"
      >
        <span
          class="sc-ezzayL sc-kLokih fGwysm gckGBs"
        >
          Rows per page:
        </span>
        <div
          class="sc-cxNIbT cGxHBE"
        >
          <select
            aria-label="Rows per page:"
            class="sc-iwaifL jzCzGz"
          >
            <option
              selected=""
              value="10"
            >
              10
            </option>
            <option
              value="15"
            >
              15
            </option>
            <option
              value="20"
            >
              20
            </option>
            <option
              value="25"
            >
              25
            </option>
            <option
              value="30"
            >
              30
            </option>
          </select>
          <svg
            height="24"
            viewBox="0 0 24 24"
            width="24"
            xmlns="http://www.w3.org/2000/svg"
          >
            <path
              d="M7 10l5 5 5-5z"
            />
            <path
              d="M0 0h24v24H0z"
              fill="none"
            />
          </svg>
        </div>
        <span
          class="sc-ezzayL sc-bYwzba fGwysm iGZUwt"
        >
          1-10 of 1000
        </span>
        <div
          class="sc-giAqnE bCPDDy"
        >
          <button
            aria-disabled="true"
            aria-label="First Page"
            class="sc-iJCRLp ljtHPi"
            disabled=""
            id="pagination-first-page"
            type="button"
          >
            <svg
              aria-hidden="true"
              height="24"
              role="presentation"
              viewBox="0 0 24 24"
              width="24"
              xmlns="http://www.w3.org/2000/svg"
            >
              <path
                d="M18.41 16.59L13.82 12l4.59-4.59L17 6l-6 6 6 6zM6 6h2v12H6z"
              />
              <path
                d="M24 24H0V0h24v24z"
                fill="none"
              />
            </svg>
          </button>
          <button
            aria-disabled="true"
            aria-label="Previous Page"
            class="sc-iJCRLp ljtHPi"
            disabled=""
            id="pagination-previous-page"
            type="button"
          >
            <svg
              aria-hidden="true"
              height="24"
              role="presentation"
              viewBox="0 0 24 24"
              width="24"
              xmlns="http://www.w3.org/2000/svg"
            >
              <path
                d="M15.41 7.41L14 6l-6 6 6 6 1.41-1.41L10.83 12z"
              />
              <path
                d="M0 0h24v24H0z"
                fill="none"
              />
            </svg>
          </button>
          <button
            aria-disabled="false"
            aria-label="Next Page"
            class="sc-iJCRLp ljtHPi"
            id="pagination-next-page"
            type="button"
          >
            <svg
              aria-hidden="true"
              height="24"
              role="presentation"
              viewBox="0 0 24 24"
              width="24"
              xmlns="http://www.w3.org/2000/svg"
            >
              <path
                d="M10 6L8.59 7.41 13.17 12l-4.58 4.59L10 18l6-6z"
              />
              <path
                d="M0 0h24v24H0z"
                fill="none"
              />
            </svg>
          </button>
          <button
            aria-disabled="false"
            aria-label="Last Page"
            class="sc-iJCRLp ljtHPi"
            id="pagination-last-page"
            type="button"
          >
            <svg
              aria-hidden="true"
              height="24"
              role="presentation"
              viewBox="0 0 24 24"
              width="24"
              xmlns="http://www.w3.org/2000/svg"
            >
              <path
                d="M5.59 7.41L10.18 12l-4.59 4.59L7 18l6-6-6-6zM16 6h2v12h-2z"
              />
              <path
                d="M0 0h24v24H0V0z"
                fill="none"
              />
            </svg>
          </button>
        </div>
      </nav>
    </div>
  </div>,
  "debug": [Function],
  "findAllByAltText": [Function],
  "findAllByDisplayValue": [Function],
  "findAllByLabelText": [Function],
  "findAllByPlaceholderText": [Function],
  "findAllByRole": [Function],
  "findAllByTestId": [Function],
  "findAllByText": [Function],
  "findAllByTitle": [Function],
  "findByAltText": [Function],
  "findByDisplayValue": [Function],
  "findByLabelText": [Function],
  "findByPlaceholderText": [Function],
  "findByRole": [Function],
  "findByTestId": [Function],
  "findByText": [Function],
  "findByTitle": [Function],
  "getAllByAltText": [Function],
  "getAllByDisplayValue": [Function],
  "getAllByLabelText": [Function],
  "getAllByPlaceholderText": [Function],
  "getAllByRole": [Function],
  "getAllByTestId": [Function],
  "getAllByText": [Function],
  "getAllByTitle": [Function],
  "getByAltText": [Function],
  "getByDisplayValue": [Function],
  "getByLabelText": [Function],
  "getByPlaceholderText": [Function],
  "getByRole": [Function],
  "getByTestId": [Function],
  "getByText": [Function],
  "getByTitle": [Function],
  "queryAllByAltText": [Function],
  "queryAllByDisplayValue": [Function],
  "queryAllByLabelText": [Function],
  "queryAllByPlaceholderText": [Function],
  "queryAllByRole": [Function],
  "queryAllByTestId": [Function],
  "queryAllByText": [Function],
  "queryAllByTitle": [Function],
  "queryByAltText": [Function],
  "queryByDisplayValue": [Function],
  "queryByLabelText": [Function],
  "queryByPlaceholderText": [Function],
  "queryByRole": [Function],
  "queryByTestId": [Function],
  "queryByText": [Function],
  "queryByTitle": [Function],
  "rerender": [Function],
  "unmount": [Function],
}
`;
