// Jest Snapshot v1, https://goo.gl/fbAQLP

exports[`LeaderboardsTab should match snapshot 1`] = `
Object {
  "asFragment": [Function],
  "baseElement": <body>
    <div>
      <div
        class="time-select"
      >
        <div
          class="container"
        >
          <span
            class="tab tab--selected"
            style="transform: translateX(0%); width: 33.333333333333336%;"
          />
          <span
            class="tab"
            style="width: 33.333333333333336%;"
          >
            Daily
          </span>
          <span
            class="tab"
            style="width: 33.333333333333336%;"
          >
            Weekly
          </span>
          <span
            class="tab"
            style="width: 33.333333333333336%;"
          >
            Monthly
          </span>
        </div>
      </div>
      <div
        class="table"
      >
        <div
          class="leaderboard-table__wrapper"
        >
          <table
            class="leaderboard-table"
          >
            <thead
              class="leaderboard-table__header"
            >
              <tr>
                <th>
                  #
                </th>
                <th>
                  User
                </th>
                <th>
                  Wagered
                </th>
                <th>
                  Bonus
                </th>
              </tr>
            </thead>
            <tbody
              class="leaderboard-table__body"
            />
          </table>
          <div
            class=" container"
          >
            <div
              class="spinner"
            >
              <span
                class="spinner spinner--white "
              />
            </div>
          </div>
        </div>
      </div>
    </div>
  </body>,
  "container": <div>
    <div
      class="time-select"
    >
      <div
        class="container"
      >
        <span
          class="tab tab--selected"
          style="transform: translateX(0%); width: 33.333333333333336%;"
        />
        <span
          class="tab"
          style="width: 33.333333333333336%;"
        >
          Daily
        </span>
        <span
          class="tab"
          style="width: 33.333333333333336%;"
        >
          Weekly
        </span>
        <span
          class="tab"
          style="width: 33.333333333333336%;"
        >
          Monthly
        </span>
      </div>
    </div>
    <div
      class="table"
    >
      <div
        class="leaderboard-table__wrapper"
      >
        <table
          class="leaderboard-table"
        >
          <thead
            class="leaderboard-table__header"
          >
            <tr>
              <th>
                #
              </th>
              <th>
                User
              </th>
              <th>
                Wagered
              </th>
              <th>
                Bonus
              </th>
            </tr>
          </thead>
          <tbody
            class="leaderboard-table__body"
          />
        </table>
        <div
          class=" container"
        >
          <div
            class="spinner"
          >
            <span
              class="spinner spinner--white "
            />
          </div>
        </div>
      </div>
    </div>
  </div>,
  "debug": [Function],
  "findAllByAltText": [Function],
  "findAllByDisplayValue": [Function],
  "findAllByLabelText": [Function],
  "findAllByPlaceholderText": [Function],
  "findAllByRole": [Function],
  "findAllByTestId": [Function],
  "findAllByText": [Function],
  "findAllByTitle": [Function],
  "findByAltText": [Function],
  "findByDisplayValue": [Function],
  "findByLabelText": [Function],
  "findByPlaceholderText": [Function],
  "findByRole": [Function],
  "findByTestId": [Function],
  "findByText": [Function],
  "findByTitle": [Function],
  "getAllByAltText": [Function],
  "getAllByDisplayValue": [Function],
  "getAllByLabelText": [Function],
  "getAllByPlaceholderText": [Function],
  "getAllByRole": [Function],
  "getAllByTestId": [Function],
  "getAllByText": [Function],
  "getAllByTitle": [Function],
  "getByAltText": [Function],
  "getByDisplayValue": [Function],
  "getByLabelText": [Function],
  "getByPlaceholderText": [Function],
  "getByRole": [Function],
  "getByTestId": [Function],
  "getByText": [Function],
  "getByTitle": [Function],
  "queryAllByAltText": [Function],
  "queryAllByDisplayValue": [Function],
  "queryAllByLabelText": [Function],
  "queryAllByPlaceholderText": [Function],
  "queryAllByRole": [Function],
  "queryAllByTestId": [Function],
  "queryAllByText": [Function],
  "queryAllByTitle": [Function],
  "queryByAltText": [Function],
  "queryByDisplayValue": [Function],
  "queryByLabelText": [Function],
  "queryByPlaceholderText": [Function],
  "queryByRole": [Function],
  "queryByTestId": [Function],
  "queryByText": [Function],
  "queryByTitle": [Function],
  "rerender": [Function],
  "unmount": [Function],
}
`;
