// Jest Snapshot v1, https://goo.gl/fbAQLP

exports[`Teaser should match snapshot 1`] = `
Object {
  "asFragment": [Function],
  "baseElement": <body>
    <div>
      <div
        class="container"
      >
        <div
          class="row"
        >
          <div
            class="col-12 col-md-6 teaser"
          >
            <div
              class="dot"
            />
            <div>
              The 
              <span
                class="highlight"
              >
                time
              </span>
               has come to 
              <span
                class="highlight"
              >
                increase
              </span>
               quality of online crypto gambling
            </div>
          </div>
          <div
            class="col-12 col-md-6 teaser"
          >
            <div
              class="dot"
            />
            <div>
              We at 
              <span
                class="highlight"
              >
                CaZZZino
              </span>
               re-design and re-invent online games
            </div>
          </div>
        </div>
        <div
          class="row"
        >
          <div
            class="col-12 col-md-6 teaser"
          >
            <div
              class="dot"
            />
            <div>
              Online gambling industry goes through changes with the rise of 
              <span
                class="highlight"
              >
                new
              </span>
               technologies
            </div>
          </div>
          <div
            class="col-12 col-md-6 teaser"
          >
            <div
              class="dot"
            />
            <div>
              Challenge your 
              <span
                class="highlight"
              >
                luck
              </span>
               and 
              <span
                class="highlight"
              >
                win big
              </span>
              , while feeling 
              <span
                class="highlight"
              >
                secure
              </span>
               with fair gambling!
            </div>
          </div>
        </div>
      </div>
    </div>
  </body>,
  "container": <div>
    <div
      class="container"
    >
      <div
        class="row"
      >
        <div
          class="col-12 col-md-6 teaser"
        >
          <div
            class="dot"
          />
          <div>
            The 
            <span
              class="highlight"
            >
              time
            </span>
             has come to 
            <span
              class="highlight"
            >
              increase
            </span>
             quality of online crypto gambling
          </div>
        </div>
        <div
          class="col-12 col-md-6 teaser"
        >
          <div
            class="dot"
          />
          <div>
            We at 
            <span
              class="highlight"
            >
              CaZZZino
            </span>
             re-design and re-invent online games
          </div>
        </div>
      </div>
      <div
        class="row"
      >
        <div
          class="col-12 col-md-6 teaser"
        >
          <div
            class="dot"
          />
          <div>
            Online gambling industry goes through changes with the rise of 
            <span
              class="highlight"
            >
              new
            </span>
             technologies
          </div>
        </div>
        <div
          class="col-12 col-md-6 teaser"
        >
          <div
            class="dot"
          />
          <div>
            Challenge your 
            <span
              class="highlight"
            >
              luck
            </span>
             and 
            <span
              class="highlight"
            >
              win big
            </span>
            , while feeling 
            <span
              class="highlight"
            >
              secure
            </span>
             with fair gambling!
          </div>
        </div>
      </div>
    </div>
  </div>,
  "debug": [Function],
  "findAllByAltText": [Function],
  "findAllByDisplayValue": [Function],
  "findAllByLabelText": [Function],
  "findAllByPlaceholderText": [Function],
  "findAllByRole": [Function],
  "findAllByTestId": [Function],
  "findAllByText": [Function],
  "findAllByTitle": [Function],
  "findByAltText": [Function],
  "findByDisplayValue": [Function],
  "findByLabelText": [Function],
  "findByPlaceholderText": [Function],
  "findByRole": [Function],
  "findByTestId": [Function],
  "findByText": [Function],
  "findByTitle": [Function],
  "getAllByAltText": [Function],
  "getAllByDisplayValue": [Function],
  "getAllByLabelText": [Function],
  "getAllByPlaceholderText": [Function],
  "getAllByRole": [Function],
  "getAllByTestId": [Function],
  "getAllByText": [Function],
  "getAllByTitle": [Function],
  "getByAltText": [Function],
  "getByDisplayValue": [Function],
  "getByLabelText": [Function],
  "getByPlaceholderText": [Function],
  "getByRole": [Function],
  "getByTestId": [Function],
  "getByText": [Function],
  "getByTitle": [Function],
  "queryAllByAltText": [Function],
  "queryAllByDisplayValue": [Function],
  "queryAllByLabelText": [Function],
  "queryAllByPlaceholderText": [Function],
  "queryAllByRole": [Function],
  "queryAllByTestId": [Function],
  "queryAllByText": [Function],
  "queryAllByTitle": [Function],
  "queryByAltText": [Function],
  "queryByDisplayValue": [Function],
  "queryByLabelText": [Function],
  "queryByPlaceholderText": [Function],
  "queryByRole": [Function],
  "queryByTestId": [Function],
  "queryByText": [Function],
  "queryByTitle": [Function],
  "rerender": [Function],
  "unmount": [Function],
}
`;
